[2026-09-21T23:42:01.441Z] Error: 收货批次号 VERIFY-B-PARTIAL-1790034121428 已提交，不能重复入库
    at ShipmentsService.receiveBatch (/Users/yu/仓库/solo/sologsb/sologsb-0920/wje-551-20260922-061545/source/candidates/candidate-2/backend/src/services/shipments.service.ts:114:13)
    at ShipmentsController.receiveBatch (/Users/yu/仓库/solo/sologsb/sologsb-0920/wje-551-20260922-061545/source/candidates/candidate-2/backend/src/controllers/shipments.controller.ts:13:76)
    at <anonymous> (/Users/yu/仓库/solo/sologsb/sologsb-0920/wje-551-20260922-061545/source/candidates/candidate-2/backend/src/routes/shipments.routes.ts:13:127)
    at Layer.handle [as handle_request] (/Users/yu/仓库/solo/sologsb/sologsb-0920/wje-551-20260922-061545/source/candidates/candidate-2/backend/node_modules/express/lib/router/layer.js:95:5)
    at next (/Users/yu/仓库/solo/sologsb/sologsb-0920/wje-551-20260922-061545/source/candidates/candidate-2/backend/node_modules/express/lib/router/route.js:149:13)
    at <anonymous> (/Users/yu/仓库/solo/sologsb/sologsb-0920/wje-551-20260922-061545/source/candidates/candidate-2/backend/src/middlewares/auth.middleware.ts:21:5)
    at Layer.handle [as handle_request] (/Users/yu/仓库/solo/sologsb/sologsb-0920/wje-551-20260922-061545/source/candidates/candidate-2/backend/node_modules/express/lib/router/layer.js:95:5)
    at next (/Users/yu/仓库/solo/sologsb/sologsb-0920/wje-551-20260922-061545/source/candidates/candidate-2/backend/node_modules/express/lib/router/route.js:149:13)
    at Route.dispatch (/Users/yu/仓库/solo/sologsb/sologsb-0920/wje-551-20260922-061545/source/candidates/candidate-2/backend/node_modules/express/lib/router/route.js:119:3)
    at Layer.handle [as handle_request] (/Users/yu/仓库/solo/sologsb/sologsb-0920/wje-551-20260922-061545/source/candidates/candidate-2/backend/node_modules/express/lib/router/layer.js:95:5)
[2026-09-21T23:42:01.474Z] Error: SKU SKU-1008 累计实收 19 超过原始数量 18，整单已拒绝收货，库存不变
    at ShipmentsService.receiveBatch (/Users/yu/仓库/solo/sologsb/sologsb-0920/wje-551-20260922-061545/source/candidates/candidate-2/backend/src/services/shipments.service.ts:129:15)
    at ShipmentsController.receiveBatch (/Users/yu/仓库/solo/sologsb/sologsb-0920/wje-551-20260922-061545/source/candidates/candidate-2/backend/src/controllers/shipments.controller.ts:13:76)
    at <anonymous> (/Users/yu/仓库/solo/sologsb/sologsb-0920/wje-551-20260922-061545/source/candidates/candidate-2/backend/src/routes/shipments.routes.ts:13:127)
    at Layer.handle [as handle_request] (/Users/yu/仓库/solo/sologsb/sologsb-0920/wje-551-20260922-061545/source/candidates/candidate-2/backend/node_modules/express/lib/router/layer.js:95:5)
    at next (/Users/yu/仓库/solo/sologsb/sologsb-0920/wje-551-20260922-061545/source/candidates/candidate-2/backend/node_modules/express/lib/router/route.js:149:13)
    at <anonymous> (/Users/yu/仓库/solo/sologsb/sologsb-0920/wje-551-20260922-061545/source/candidates/candidate-2/backend/src/middlewares/auth.middleware.ts:21:5)
    at Layer.handle [as handle_request] (/Users/yu/仓库/solo/sologsb/sologsb-0920/wje-551-20260922-061545/source/candidates/candidate-2/backend/node_modules/express/lib/router/layer.js:95:5)
    at next (/Users/yu/仓库/solo/sologsb/sologsb-0920/wje-551-20260922-061545/source/candidates/candidate-2/backend/node_modules/express/lib/router/route.js:149:13)
    at Route.dispatch (/Users/yu/仓库/solo/sologsb/sologsb-0920/wje-551-20260922-061545/source/candidates/candidate-2/backend/node_modules/express/lib/router/route.js:119:3)
    at Layer.handle [as handle_request] (/Users/yu/仓库/solo/sologsb/sologsb-0920/wje-551-20260922-061545/source/candidates/candidate-2/backend/node_modules/express/lib/router/layer.js:95:5)
[2026-09-21T23:42:01.515Z] Error: 当前状态DELIVERED不允许该操作
    at ShipmentsService.requireStatus (/Users/yu/仓库/solo/sologsb/sologsb-0920/wje-551-20260922-061545/source/candidates/candidate-2/backend/src/services/shipments.service.ts:274:51)
    at ShipmentsService.receiveBatch (/Users/yu/仓库/solo/sologsb/sologsb-0920/wje-551-20260922-061545/source/candidates/candidate-2/backend/src/services/shipments.service.ts:106:27)
    at ShipmentsController.receiveBatch (/Users/yu/仓库/solo/sologsb/sologsb-0920/wje-551-20260922-061545/source/candidates/candidate-2/backend/src/controllers/shipments.controller.ts:13:76)
    at <anonymous> (/Users/yu/仓库/solo/sologsb/sologsb-0920/wje-551-20260922-061545/source/candidates/candidate-2/backend/src/routes/shipments.routes.ts:13:127)
    at Layer.handle [as handle_request] (/Users/yu/仓库/solo/sologsb/sologsb-0920/wje-551-20260922-061545/source/candidates/candidate-2/backend/node_modules/express/lib/router/layer.js:95:5)
    at next (/Users/yu/仓库/solo/sologsb/sologsb-0920/wje-551-20260922-061545/source/candidates/candidate-2/backend/node_modules/express/lib/router/route.js:149:13)
    at <anonymous> (/Users/yu/仓库/solo/sologsb/sologsb-0920/wje-551-20260922-061545/source/candidates/candidate-2/backend/src/middlewares/auth.middleware.ts:21:5)
    at Layer.handle [as handle_request] (/Users/yu/仓库/solo/sologsb/sologsb-0920/wje-551-20260922-061545/source/candidates/candidate-2/backend/node_modules/express/lib/router/layer.js:95:5)
    at next (/Users/yu/仓库/solo/sologsb/sologsb-0920/wje-551-20260922-061545/source/candidates/candidate-2/backend/node_modules/express/lib/router/route.js:149:13)
    at Route.dispatch (/Users/yu/仓库/solo/sologsb/sologsb-0920/wje-551-20260922-061545/source/candidates/candidate-2/backend/node_modules/express/lib/router/route.js:119:3)
